
[1mAgon EZ80 Debugger[0m

[36mbr[eak] <address>             [37mSet a breakpoint at the hex address
[36mc[ontinue]                    [37mResume (un-pause) Agon CPU
[36mdelete <address>              [37mDelete a breakpoint
[36mdis[assemble] [start] [end]   [37mDisassemble in current ADL mode
[36mdis16 [start] [end]           [37mDisassemble in ADL=0 (Z80) mode
[36mdis24 [start] [end]           [37mDisassemble in ADL=1 (24-bit) mode
[36mexit                          [37mQuit from Agon Light Emulator
[36minfo breakpoints              [37mList breakpoints
[36m[mem]ory <start> [len]        [37mDump memory. <start> can be a register
[36mn[ext]                        [37mStep over function calls
[36mpause                         [37mPause execution and enter debugger
[36mstate                         [37mShow CPU state
[36m.                             [37mShow CPU state
[36ms[tep]                        [37mExecute one instuction
[36mtrace on                      [37mEnable logging every instruction
[36mtrace off                     [37mDisable logging every instruction
[36mtrigger <address> cmd1 : cmd2 : ...[37m
    Perform debugger commands when <address> is reached
    eg: break $123 is equivalent to:
        trigger $123 pause:"CPU paused at breakpoint":state

[36mtriggers                      [37mList triggers

The previous command can be repeated by pressing return.

[32mCPU running. Press <CTRL-C> to pause
[39m
Video driver: dummy (can override with SDL_VIDEO_DRIVER environment variable)
[33mCPU paused (breakpoint)[39m
* 0402bc: NOP                  AF:0100 BC:ffefd1 DE:00003c HL:000000 SPS:0000 SPL:0aef47 IX:0affe5 IY:00003c ADL:1
[36m>> [39m* 0402bc: NOP                  AF:0100 BC:ffefd1 DE:00003c HL:000000 SPS:0000 SPL:0aef47 IX:0affe5 IY:00003c IR:0140 MB:00 ADL:1 MADL:1 IFF1:1
                               Cycles since last break: 67795076   Cycles per instruction: 2.6
                               SPL top $0aef47: 09 25 04 ff ff ff ff ff ff ff ff ff ff ff ff ff
[36m>> [39m[32mCPU running[39m
[33mCPU paused (breakpoint)[39m
* 0402be: NOP                  AF:0002 BC:000003 DE:000000 HL:000000 SPS:0000 SPL:0aef47 IX:0affe5 IY:065539 ADL:1
[36m>> [39m* 0402be: NOP                  AF:0002 BC:000003 DE:000000 HL:000000 SPS:0000 SPL:0aef47 IX:0affe5 IY:065539 IR:010f MB:00 ADL:1 MADL:1 IFF1:1
                               Cycles since last break: 23611   Cycles per instruction: 3.1
                               SPL top $0aef47: 76 25 04 ff ff ff ff ff ff ff ff ff ff ff ff ff
[36m>> [39m[32mCPU running[39m
[33mCPU paused (breakpoint)[39m
* 0402bc: NOP                  AF:0100 BC:ffefd1 DE:00003c HL:000000 SPS:0000 SPL:0aef47 IX:0affe5 IY:00003c ADL:1
[36m>> [39m* 0402bc: NOP                  AF:0100 BC:ffefd1 DE:00003c HL:000000 SPS:0000 SPL:0aef47 IX:0affe5 IY:00003c IR:0140 MB:00 ADL:1 MADL:1 IFF1:1
                               Cycles since last break: 52013   Cycles per instruction: 2.4
                               SPL top $0aef47: 09 25 04 ff ff ff ff ff ff ff ff ff ff ff ff ff
[36m>> [39m[32mCPU running[39m
[33mCPU paused (breakpoint)[39m
* 0402be: NOP                  AF:0002 BC:000003 DE:000000 HL:000000 SPS:0000 SPL:0aef47 IX:0affe5 IY:065539 ADL:1
[36m>> [39m* 0402be: NOP                  AF:0002 BC:000003 DE:000000 HL:000000 SPS:0000 SPL:0aef47 IX:0affe5 IY:065539 IR:01f8 MB:00 ADL:1 MADL:1 IFF1:1
                               Cycles since last break: 23506   Cycles per instruction: 3.1
                               SPL top $0aef47: 76 25 04 ff ff ff ff ff ff ff ff ff ff ff ff ff
[36m>> [39m[32mCPU running[39m
[33mCPU paused (breakpoint)[39m
* 0402bc: NOP                  AF:0100 BC:ffefd1 DE:00003c HL:000000 SPS:0000 SPL:0aef47 IX:0affe5 IY:00003c ADL:1
[36m>> [39m* 0402bc: NOP                  AF:0100 BC:ffefd1 DE:00003c HL:000000 SPS:0000 SPL:0aef47 IX:0affe5 IY:00003c IR:0105 MB:00 ADL:1 MADL:1 IFF1:1
                               Cycles since last break: 51799   Cycles per instruction: 2.4
                               SPL top $0aef47: 09 25 04 ff ff ff ff ff ff ff ff ff ff ff ff ff
[36m>> [39m[32mCPU running[39m
[33mCPU paused (breakpoint)[39m
* 0402be: NOP                  AF:0002 BC:000003 DE:000000 HL:000000 SPS:0000 SPL:0aef47 IX:0affe5 IY:065539 ADL:1
[36m>> [39m* 0402be: NOP                  AF:0002 BC:000003 DE:000000 HL:000000 SPS:0000 SPL:0aef47 IX:0affe5 IY:065539 IR:01bd MB:00 ADL:1 MADL:1 IFF1:1
                               Cycles since last break: 23506   Cycles per instruction: 3.1
                               SPL top $0aef47: 76 25 04 ff ff ff ff ff ff ff ff ff ff ff ff ff
[36m>> [39m[32mCPU running[39m
[33mCPU paused (breakpoint)[39m
* 0402bc: NOP                  AF:0100 BC:ffefd1 DE:00003c HL:000000 SPS:0000 SPL:0aef47 IX:0affe5 IY:00003c ADL:1
[36m>> [39m* 0402bc: NOP                  AF:0100 BC:ffefd1 DE:00003c HL:000000 SPS:0000 SPL:0aef47 IX:0affe5 IY:00003c IR:018d MB:00 ADL:1 MADL:1 IFF1:1
                               Cycles since last break: 51741   Cycles per instruction: 2.4
                               SPL top $0aef47: 09 25 04 ff ff ff ff ff ff ff ff ff ff ff ff ff
[36m>> [39m[32mCPU running[39m
[33mCPU paused (breakpoint)[39m
* 0402be: NOP                  AF:0002 BC:000003 DE:000000 HL:000000 SPS:0000 SPL:0aef47 IX:0affe5 IY:065539 ADL:1
[36m>> [39m* 0402be: NOP                  AF:0002 BC:000003 DE:000000 HL:000000 SPS:0000 SPL:0aef47 IX:0affe5 IY:065539 IR:0145 MB:00 ADL:1 MADL:1 IFF1:1
                               Cycles since last break: 23506   Cycles per instruction: 3.1
                               SPL top $0aef47: 76 25 04 ff ff ff ff ff ff ff ff ff ff ff ff ff
[36m>> [39m[32mCPU running[39m
[33mCPU paused (breakpoint)[39m
* 0402bc: NOP                  AF:0100 BC:ffefd1 DE:00003c HL:000000 SPS:0000 SPL:0aef47 IX:0affe5 IY:00003c ADL:1
[36m>> [39m* 0402bc: NOP                  AF:0100 BC:ffefd1 DE:00003c HL:000000 SPS:0000 SPL:0aef47 IX:0affe5 IY:00003c IR:011c MB:00 ADL:1 MADL:1 IFF1:1
                               Cycles since last break: 51750   Cycles per instruction: 2.4
                               SPL top $0aef47: 09 25 04 ff ff ff ff ff ff ff ff ff ff ff ff ff
[36m>> [39m[32mCPU running[39m
[33mCPU paused (breakpoint)[39m
* 0402be: NOP                  AF:0002 BC:000003 DE:000000 HL:000000 SPS:0000 SPL:0aef47 IX:0affe5 IY:065539 ADL:1
[36m>> [39m* 0402be: NOP                  AF:0002 BC:000003 DE:000000 HL:000000 SPS:0000 SPL:0aef47 IX:0affe5 IY:065539 IR:01d4 MB:00 ADL:1 MADL:1 IFF1:1
                               Cycles since last break: 23506   Cycles per instruction: 3.1
                               SPL top $0aef47: 76 25 04 ff ff ff ff ff ff ff ff ff ff ff ff ff
[36m>> [39m[32mCPU running[39m
[33mCPU paused (breakpoint)[39m
* 0402bc: NOP                  AF:0100 BC:ffefd1 DE:00003c HL:000000 SPS:0000 SPL:0aef47 IX:0affe5 IY:00003c ADL:1
[36m>> [39m* 0402bc: NOP                  AF:0100 BC:ffefd1 DE:00003c HL:000000 SPS:0000 SPL:0aef47 IX:0affe5 IY:00003c IR:01d3 MB:00 ADL:1 MADL:1 IFF1:1
                               Cycles since last break: 51787   Cycles per instruction: 2.4
                               SPL top $0aef47: 09 25 04 ff ff ff ff ff ff ff ff ff ff ff ff ff
[36m>> [39m[32mCPU running[39m
[33mCPU paused (breakpoint)[39m
* 0402be: NOP                  AF:0002 BC:000003 DE:000000 HL:000000 SPS:0000 SPL:0aef47 IX:0affe5 IY:065539 ADL:1
[36m>> [39m* 0402be: NOP                  AF:0002 BC:000003 DE:000000 HL:000000 SPS:0000 SPL:0aef47 IX:0affe5 IY:065539 IR:01a2 MB:00 ADL:1 MADL:1 IFF1:1
                               Cycles since last break: 23611   Cycles per instruction: 3.1
                               SPL top $0aef47: 76 25 04 ff ff ff ff ff ff ff ff ff ff ff ff ff
[36m>> [39m[32mCPU running[39m
[33mCPU paused (breakpoint)[39m
* 0402bc: NOP                  AF:0100 BC:ffefd1 DE:00003c HL:000000 SPS:0000 SPL:0aef47 IX:0affe5 IY:00003c ADL:1
[36m>> [39m* 0402bc: NOP                  AF:0100 BC:ffefd1 DE:00003c HL:000000 SPS:0000 SPL:0aef47 IX:0affe5 IY:00003c IR:0163 MB:00 ADL:1 MADL:1 IFF1:1
                               Cycles since last break: 51726   Cycles per instruction: 2.4
                               SPL top $0aef47: 09 25 04 ff ff ff ff ff ff ff ff ff ff ff ff ff
[36m>> [39m[32mCPU running[39m
[33mCPU paused (breakpoint)[39m
* 0402be: NOP                  AF:0002 BC:000003 DE:000000 HL:000000 SPS:0000 SPL:0aef47 IX:0affe5 IY:065539 ADL:1
[36m>> [39m* 0402be: NOP                  AF:0002 BC:000003 DE:000000 HL:000000 SPS:0000 SPL:0aef47 IX:0affe5 IY:065539 IR:011b MB:00 ADL:1 MADL:1 IFF1:1
                               Cycles since last break: 23506   Cycles per instruction: 3.1
                               SPL top $0aef47: 76 25 04 ff ff ff ff ff ff ff ff ff ff ff ff ff
[36m>> [39m[32mCPU running[39m
[33mCPU paused (breakpoint)[39m
* 0402bc: NOP                  AF:0100 BC:ffefd1 DE:00003c HL:000000 SPS:0000 SPL:0aef47 IX:0affe5 IY:00003c ADL:1
[36m>> [39m* 0402bc: NOP                  AF:0100 BC:ffefd1 DE:00003c HL:000000 SPS:0000 SPL:0aef47 IX:0affe5 IY:00003c IR:012b MB:00 ADL:1 MADL:1 IFF1:1
                               Cycles since last break: 51980   Cycles per instruction: 2.4
                               SPL top $0aef47: 09 25 04 ff ff ff ff ff ff ff ff ff ff ff ff ff
[36m>> [39m[32mCPU running[39m
[33mCPU paused (breakpoint)[39m
* 0402be: NOP                  AF:0002 BC:000003 DE:000000 HL:000000 SPS:0000 SPL:0aef47 IX:0affe5 IY:065539 ADL:1
[36m>> [39m* 0402be: NOP                  AF:0002 BC:000003 DE:000000 HL:000000 SPS:0000 SPL:0aef47 IX:0affe5 IY:065539 IR:01e3 MB:00 ADL:1 MADL:1 IFF1:1
                               Cycles since last break: 23506   Cycles per instruction: 3.1
                               SPL top $0aef47: 76 25 04 ff ff ff ff ff ff ff ff ff ff ff ff ff
[36m>> [39m[32mCPU running[39m
[33mCPU paused (breakpoint)[39m
* 0402bc: NOP                  AF:0100 BC:ffefd1 DE:00003c HL:000000 SPS:0000 SPL:0aef47 IX:0affe5 IY:00003c ADL:1
[36m>> [39m* 0402bc: NOP                  AF:0100 BC:ffefd1 DE:00003c HL:000000 SPS:0000 SPL:0aef47 IX:0affe5 IY:00003c IR:010b MB:00 ADL:1 MADL:1 IFF1:1
                               Cycles since last break: 52004   Cycles per instruction: 2.4
                               SPL top $0aef47: 09 25 04 ff ff ff ff ff ff ff ff ff ff ff ff ff
[36m>> [39m[32mCPU running[39m
[33mCPU paused (breakpoint)[39m
* 0402be: NOP                  AF:0002 BC:000003 DE:000000 HL:000000 SPS:0000 SPL:0aef47 IX:0affe5 IY:065539 ADL:1
[36m>> [39m* 0402be: NOP                  AF:0002 BC:000003 DE:000000 HL:000000 SPS:0000 SPL:0aef47 IX:0affe5 IY:065539 IR:01c3 MB:00 ADL:1 MADL:1 IFF1:1
                               Cycles since last break: 23506   Cycles per instruction: 3.1
                               SPL top $0aef47: 76 25 04 ff ff ff ff ff ff ff ff ff ff ff ff ff
[36m>> [39m[32mCPU running[39m
[33mCPU paused (breakpoint)[39m
* 0402bc: NOP                  AF:0100 BC:ffefd1 DE:00003c HL:000000 SPS:0000 SPL:0aef47 IX:0affe5 IY:00003c ADL:1
[36m>> [39m* 0402bc: NOP                  AF:0100 BC:ffefd1 DE:00003c HL:000000 SPS:0000 SPL:0aef47 IX:0affe5 IY:00003c IR:01d3 MB:00 ADL:1 MADL:1 IFF1:1
                               Cycles since last break: 51980   Cycles per instruction: 2.4
                               SPL top $0aef47: 09 25 04 ff ff ff ff ff ff ff ff ff ff ff ff ff
[36m>> [39m[32mCPU running[39m
[33mCPU paused (breakpoint)[39m
* 0402be: NOP                  AF:0002 BC:000003 DE:000000 HL:000000 SPS:0000 SPL:0aef47 IX:0affe5 IY:065539 ADL:1
[36m>> [39m* 0402be: NOP                  AF:0002 BC:000003 DE:000000 HL:000000 SPS:0000 SPL:0aef47 IX:0affe5 IY:065539 IR:018b MB:00 ADL:1 MADL:1 IFF1:1
                               Cycles since last break: 23506   Cycles per instruction: 3.1
                               SPL top $0aef47: 76 25 04 ff ff ff ff ff ff ff ff ff ff ff ff ff
[36m>> [39m[32mCPU running[39m
[33mCPU paused (breakpoint)[39m
* 0402bc: NOP                  AF:0100 BC:ffefd1 DE:00003c HL:000000 SPS:0000 SPL:0aef47 IX:0affe5 IY:00003c ADL:1
[36m>> [39m* 0402bc: NOP                  AF:0100 BC:ffefd1 DE:00003c HL:000000 SPS:0000 SPL:0aef47 IX:0affe5 IY:00003c IR:0197 MB:00 ADL:1 MADL:1 IFF1:1
                               Cycles since last break: 51880   Cycles per instruction: 2.4
                               SPL top $0aef47: 09 25 04 ff ff ff ff ff ff ff ff ff ff ff ff ff
[36m>> [39m[32mCPU running[39m
[33mCPU paused (breakpoint)[39m
* 0402be: NOP                  AF:0002 BC:000003 DE:000000 HL:000000 SPS:0000 SPL:0aef47 IX:0affe5 IY:065539 ADL:1
[36m>> [39m* 0402be: NOP                  AF:0002 BC:000003 DE:000000 HL:000000 SPS:0000 SPL:0aef47 IX:0affe5 IY:065539 IR:014f MB:00 ADL:1 MADL:1 IFF1:1
                               Cycles since last break: 23506   Cycles per instruction: 3.1
                               SPL top $0aef47: 76 25 04 ff ff ff ff ff ff ff ff ff ff ff ff ff
[36m>> [39m[32mCPU running[39m
[33mCPU paused (breakpoint)[39m
* 0402bc: NOP                  AF:0100 BC:ffefd1 DE:00003c HL:000000 SPS:0000 SPL:0aef47 IX:0affe5 IY:00003c ADL:1
[36m>> [39m* 0402bc: NOP                  AF:0100 BC:ffefd1 DE:00003c HL:000000 SPS:0000 SPL:0aef47 IX:0affe5 IY:00003c IR:0118 MB:00 ADL:1 MADL:1 IFF1:1
                               Cycles since last break: 51816   Cycles per instruction: 2.4
                               SPL top $0aef47: 09 25 04 ff ff ff ff ff ff ff ff ff ff ff ff ff
[36m>> [39m[32mCPU running[39m
[33mCPU paused (breakpoint)[39m
* 0402be: NOP                  AF:0002 BC:000003 DE:000000 HL:000000 SPS:0000 SPL:0aef47 IX:0affe5 IY:065539 ADL:1
[36m>> [39m* 0402be: NOP                  AF:0002 BC:000003 DE:000000 HL:000000 SPS:0000 SPL:0aef47 IX:0affe5 IY:065539 IR:01d0 MB:00 ADL:1 MADL:1 IFF1:1
                               Cycles since last break: 23506   Cycles per instruction: 3.1
                               SPL top $0aef47: 76 25 04 ff ff ff ff ff ff ff ff ff ff ff ff ff
[36m>> [39m[32mCPU running[39m
[33mCPU paused (breakpoint)[39m
* 0402bc: NOP                  AF:0100 BC:ffefd1 DE:00003c HL:000000 SPS:0000 SPL:0aef47 IX:0affe5 IY:00003c ADL:1
[36m>> [39m* 0402bc: NOP                  AF:0100 BC:ffefd1 DE:00003c HL:000000 SPS:0000 SPL:0aef47 IX:0affe5 IY:00003c IR:018f MB:00 ADL:1 MADL:1 IFF1:1
                               Cycles since last break: 51726   Cycles per instruction: 2.4
                               SPL top $0aef47: 09 25 04 ff ff ff ff ff ff ff ff ff ff ff ff ff
[36m>> [39m[32mCPU running[39m
[33mCPU paused (breakpoint)[39m
* 0402be: NOP                  AF:0002 BC:000003 DE:000000 HL:000000 SPS:0000 SPL:0aef47 IX:0affe5 IY:065539 ADL:1
[36m>> [39m* 0402be: NOP                  AF:0002 BC:000003 DE:000000 HL:000000 SPS:0000 SPL:0aef47 IX:0affe5 IY:065539 IR:0147 MB:00 ADL:1 MADL:1 IFF1:1
                               Cycles since last break: 23506   Cycles per instruction: 3.1
                               SPL top $0aef47: 76 25 04 ff ff ff ff ff ff ff ff ff ff ff ff ff
[36m>> [39m[32mCPU running[39m
[33mCPU paused (breakpoint)[39m
* 0402bc: NOP                  AF:0100 BC:ffefd1 DE:00003c HL:000000 SPS:0000 SPL:0aef47 IX:0affe5 IY:00003c ADL:1
[36m>> [39m* 0402bc: NOP                  AF:0100 BC:ffefd1 DE:00003c HL:000000 SPS:0000 SPL:0aef47 IX:0affe5 IY:00003c IR:0137 MB:00 ADL:1 MADL:1 IFF1:1
                               Cycles since last break: 51772   Cycles per instruction: 2.4
                               SPL top $0aef47: 09 25 04 ff ff ff ff ff ff ff ff ff ff ff ff ff
[36m>> [39m[32mCPU running[39m
[33mCPU paused (breakpoint)[39m
* 0402be: NOP                  AF:0002 BC:000003 DE:000000 HL:000000 SPS:0000 SPL:0aef47 IX:0affe5 IY:065539 ADL:1
[36m>> [39m* 0402be: NOP                  AF:0002 BC:000003 DE:000000 HL:000000 SPS:0000 SPL:0aef47 IX:0affe5 IY:065539 IR:01ef MB:00 ADL:1 MADL:1 IFF1:1
                               Cycles since last break: 23506   Cycles per instruction: 3.1
                               SPL top $0aef47: 76 25 04 ff ff ff ff ff ff ff ff ff ff ff ff ff
[36m>> [39m[32mCPU running[39m
[33mCPU paused (breakpoint)[39m
* 0402bc: NOP                  AF:0100 BC:ffefd1 DE:00003c HL:000000 SPS:0000 SPL:0aef47 IX:0affe5 IY:00003c ADL:1
[36m>> [39m* 0402bc: NOP                  AF:0100 BC:ffefd1 DE:00003c HL:000000 SPS:0000 SPL:0aef47 IX:0affe5 IY:00003c IR:0198 MB:00 ADL:1 MADL:1 IFF1:1
                               Cycles since last break: 51702   Cycles per instruction: 2.4
                               SPL top $0aef47: 09 25 04 ff ff ff ff ff ff ff ff ff ff ff ff ff
[36m>> [39m[32mCPU running[39m
[33mCPU paused (breakpoint)[39m
* 0402be: NOP                  AF:0002 BC:000003 DE:000000 HL:000000 SPS:0000 SPL:0aef47 IX:0affe5 IY:065539 ADL:1
[36m>> [39m* 0402be: NOP                  AF:0002 BC:000003 DE:000000 HL:000000 SPS:0000 SPL:0aef47 IX:0affe5 IY:065539 IR:0150 MB:00 ADL:1 MADL:1 IFF1:1
                               Cycles since last break: 23506   Cycles per instruction: 3.1
                               SPL top $0aef47: 76 25 04 ff ff ff ff ff ff ff ff ff ff ff ff ff
[36m>> [39m[32mCPU running[39m
[33mCPU paused (breakpoint)[39m
* 0402bc: NOP                  AF:0100 BC:ffefd1 DE:00003c HL:000000 SPS:0000 SPL:0aef47 IX:0affe5 IY:00003c ADL:1
[36m>> [39m* 0402bc: NOP                  AF:0100 BC:ffefd1 DE:00003c HL:000000 SPS:0000 SPL:0aef47 IX:0affe5 IY:00003c IR:016f MB:00 ADL:1 MADL:1 IFF1:1
                               Cycles since last break: 51995   Cycles per instruction: 2.4
                               SPL top $0aef47: 09 25 04 ff ff ff ff ff ff ff ff ff ff ff ff ff
[36m>> [39m[32mCPU running[39m
[33mCPU paused (breakpoint)[39m
* 0402be: NOP                  AF:0002 BC:000003 DE:000000 HL:000000 SPS:0000 SPL:0aef47 IX:0affe5 IY:065539 ADL:1
[36m>> [39m* 0402be: NOP                  AF:0002 BC:000003 DE:000000 HL:000000 SPS:0000 SPL:0aef47 IX:0affe5 IY:065539 IR:0127 MB:00 ADL:1 MADL:1 IFF1:1
                               Cycles since last break: 23506   Cycles per instruction: 3.1
                               SPL top $0aef47: 76 25 04 ff ff ff ff ff ff ff ff ff ff ff ff ff
[36m>> [39m[32mCPU running[39m
[33mCPU paused (breakpoint)[39m
* 0402bc: NOP                  AF:0100 BC:ffefd1 DE:00003c HL:000000 SPS:0000 SPL:0aef47 IX:0affe5 IY:00003c ADL:1
[36m>> [39m* 0402bc: NOP                  AF:0100 BC:ffefd1 DE:00003c HL:000000 SPS:0000 SPL:0aef47 IX:0affe5 IY:00003c IR:0140 MB:00 ADL:1 MADL:1 IFF1:1
                               Cycles since last break: 51989   Cycles per instruction: 2.4
                               SPL top $0aef47: 09 25 04 ff ff ff ff ff ff ff ff ff ff ff ff ff
[36m>> [39m[32mCPU running[39m
[33mCPU paused (breakpoint)[39m
* 0402be: NOP                  AF:0002 BC:000003 DE:000000 HL:000000 SPS:0000 SPL:0aef47 IX:0affe5 IY:065539 ADL:1
[36m>> [39m* 0402be: NOP                  AF:0002 BC:000003 DE:000000 HL:000000 SPS:0000 SPL:0aef47 IX:0affe5 IY:065539 IR:01f8 MB:00 ADL:1 MADL:1 IFF1:1
                               Cycles since last break: 23506   Cycles per instruction: 3.1
                               SPL top $0aef47: 76 25 04 ff ff ff ff ff ff ff ff ff ff ff ff ff
[36m>> [39m[32mCPU running[39m
[33mCPU paused (breakpoint)[39m
* 0402bc: NOP                  AF:0100 BC:ffefd1 DE:00003c HL:000000 SPS:0000 SPL:0aef47 IX:0affe5 IY:00003c ADL:1
[36m>> [39m* 0402bc: NOP                  AF:0100 BC:ffefd1 DE:00003c HL:000000 SPS:0000 SPL:0aef47 IX:0affe5 IY:00003c IR:0102 MB:00 ADL:1 MADL:1 IFF1:1
                               Cycles since last break: 51974   Cycles per instruction: 2.4
                               SPL top $0aef47: 09 25 04 ff ff ff ff ff ff ff ff ff ff ff ff ff
[36m>> [39m[32mCPU running[39m
[33mCPU paused (breakpoint)[39m
* 0402be: NOP                  AF:0002 BC:000003 DE:000000 HL:000000 SPS:0000 SPL:0aef47 IX:0affe5 IY:065539 ADL:1
[36m>> [39m* 0402be: NOP                  AF:0002 BC:000003 DE:000000 HL:000000 SPS:0000 SPL:0aef47 IX:0affe5 IY:065539 IR:01d1 MB:00 ADL:1 MADL:1 IFF1:1
                               Cycles since last break: 23611   Cycles per instruction: 3.1
                               SPL top $0aef47: 76 25 04 ff ff ff ff ff ff ff ff ff ff ff ff ff
[36m>> [39m[32mCPU running[39m
[33mCPU paused (breakpoint)[39m
* 0402bc: NOP                  AF:0100 BC:ffefd1 DE:00003c HL:000000 SPS:0000 SPL:0aef47 IX:0affe5 IY:00003c ADL:1
[36m>> [39m* 0402bc: NOP                  AF:0100 BC:ffefd1 DE:00003c HL:000000 SPS:0000 SPL:0aef47 IX:0affe5 IY:00003c IR:01c9 MB:00 ADL:1 MADL:1 IFF1:1
                               Cycles since last break: 51778   Cycles per instruction: 2.4
                               SPL top $0aef47: 09 25 04 ff ff ff ff ff ff ff ff ff ff ff ff ff
[36m>> [39m[32mCPU running[39m
[33mCPU paused (breakpoint)[39m
* 0402be: NOP                  AF:0002 BC:000003 DE:000000 HL:000000 SPS:0000 SPL:0aef47 IX:0affe5 IY:065539 ADL:1
[36m>> [39m* 0402be: NOP                  AF:0002 BC:000003 DE:000000 HL:000000 SPS:0000 SPL:0aef47 IX:0affe5 IY:065539 IR:0181 MB:00 ADL:1 MADL:1 IFF1:1
                               Cycles since last break: 23506   Cycles per instruction: 3.1
                               SPL top $0aef47: 76 25 04 ff ff ff ff ff ff ff ff ff ff ff ff ff
[36m>> [39m[32mCPU running[39m
[33mCPU paused (breakpoint)[39m
* 0402bc: NOP                  AF:0100 BC:ffefd1 DE:00003c HL:000000 SPS:0000 SPL:0aef47 IX:0affe5 IY:00003c ADL:1
[36m>> [39m* 0402bc: NOP                  AF:0100 BC:ffefd1 DE:00003c HL:000000 SPS:0000 SPL:0aef47 IX:0affe5 IY:00003c IR:0139 MB:00 ADL:1 MADL:1 IFF1:1
                               Cycles since last break: 51717   Cycles per instruction: 2.4
                               SPL top $0aef47: 09 25 04 ff ff ff ff ff ff ff ff ff ff ff ff ff
[36m>> [39m[32mCPU running[39m
[33mCPU paused (breakpoint)[39m
* 0402be: NOP                  AF:0002 BC:000003 DE:000000 HL:000000 SPS:0000 SPL:0aef47 IX:0affe5 IY:065539 ADL:1
[36m>> [39m* 0402be: NOP                  AF:0002 BC:000003 DE:000000 HL:000000 SPS:0000 SPL:0aef47 IX:0affe5 IY:065539 IR:01f1 MB:00 ADL:1 MADL:1 IFF1:1
                               Cycles since last break: 23506   Cycles per instruction: 3.1
                               SPL top $0aef47: 76 25 04 ff ff ff ff ff ff ff ff ff ff ff ff ff
[36m>> [39m[32mCPU running[39m
[33mCPU paused (breakpoint)[39m
* 0402bc: NOP                  AF:0100 BC:ffefd1 DE:00003c HL:000000 SPS:0000 SPL:0aef47 IX:0affe5 IY:00003c ADL:1
[36m>> [39m* 0402bc: NOP                  AF:0100 BC:ffefd1 DE:00003c HL:000000 SPS:0000 SPL:0aef47 IX:0affe5 IY:00003c IR:01a1 MB:00 ADL:1 MADL:1 IFF1:1
                               Cycles since last break: 51711   Cycles per instruction: 2.4
                               SPL top $0aef47: 09 25 04 ff ff ff ff ff ff ff ff ff ff ff ff ff
[36m>> [39m[32mCPU running[39m
[33mCPU paused (breakpoint)[39m
* 0402be: NOP                  AF:0002 BC:000003 DE:000000 HL:000000 SPS:0000 SPL:0aef47 IX:0affe5 IY:065539 ADL:1
[36m>> [39m* 0402be: NOP                  AF:0002 BC:000003 DE:000000 HL:000000 SPS:0000 SPL:0aef47 IX:0affe5 IY:065539 IR:0159 MB:00 ADL:1 MADL:1 IFF1:1
                               Cycles since last break: 23506   Cycles per instruction: 3.1
                               SPL top $0aef47: 76 25 04 ff ff ff ff ff ff ff ff ff ff ff ff ff
[36m>> [39m[32mCPU running[39m
[33mCPU paused (breakpoint)[39m
* 0402bc: NOP                  AF:0100 BC:ffefd1 DE:00003c HL:000000 SPS:0000 SPL:0aef47 IX:0affe5 IY:00003c ADL:1
[36m>> [39m* 0402bc: NOP                  AF:0100 BC:ffefd1 DE:00003c HL:000000 SPS:0000 SPL:0aef47 IX:0affe5 IY:00003c IR:0143 MB:00 ADL:1 MADL:1 IFF1:1
                               Cycles since last break: 51766   Cycles per instruction: 2.4
                               SPL top $0aef47: 09 25 04 ff ff ff ff ff ff ff ff ff ff ff ff ff
[36m>> [39m[32mCPU running[39m
[33mCPU paused (breakpoint)[39m
* 0402be: NOP                  AF:0002 BC:000003 DE:000000 HL:000000 SPS:0000 SPL:0aef47 IX:0affe5 IY:065539 ADL:1
[36m>> [39m* 0402be: NOP                  AF:0002 BC:000003 DE:000000 HL:000000 SPS:0000 SPL:0aef47 IX:0affe5 IY:065539 IR:01fb MB:00 ADL:1 MADL:1 IFF1:1
                               Cycles since last break: 23506   Cycles per instruction: 3.1
                               SPL top $0aef47: 76 25 04 ff ff ff ff ff ff ff ff ff ff ff ff ff
[36m>> [39m[32mCPU running[39m
[33mCPU paused (breakpoint)[39m
* 0402bc: NOP                  AF:0100 BC:ffefd1 DE:00003c HL:000000 SPS:0000 SPL:0aef47 IX:0affe5 IY:00003c ADL:1
[36m>> [39m* 0402bc: NOP                  AF:0100 BC:ffefd1 DE:00003c HL:000000 SPS:0000 SPL:0aef47 IX:0affe5 IY:00003c IR:01c4 MB:00 ADL:1 MADL:1 IFF1:1
                               Cycles since last break: 51816   Cycles per instruction: 2.4
                               SPL top $0aef47: 09 25 04 ff ff ff ff ff ff ff ff ff ff ff ff ff
[36m>> [39m[32mCPU running[39m
[33mCPU paused (breakpoint)[39m
* 0402be: NOP                  AF:0002 BC:000003 DE:000000 HL:000000 SPS:0000 SPL:0aef47 IX:0affe5 IY:065539 ADL:1
[36m>> [39m* 0402be: NOP                  AF:0002 BC:000003 DE:000000 HL:000000 SPS:0000 SPL:0aef47 IX:0affe5 IY:065539 IR:017c MB:00 ADL:1 MADL:1 IFF1:1
                               Cycles since last break: 23506   Cycles per instruction: 3.1
                               SPL top $0aef47: 76 25 04 ff ff ff ff ff ff ff ff ff ff ff ff ff
[36m>> [39m[32mCPU running[39m
[33mCPU paused (breakpoint)[39m
* 0402bc: NOP                  AF:0100 BC:ffefd1 DE:00003c HL:000000 SPS:0000 SPL:0aef47 IX:0affe5 IY:00003c ADL:1
[36m>> [39m* 0402bc: NOP                  AF:0100 BC:ffefd1 DE:00003c HL:000000 SPS:0000 SPL:0aef47 IX:0affe5 IY:00003c IR:0195 MB:00 ADL:1 MADL:1 IFF1:1
                               Cycles since last break: 51989   Cycles per instruction: 2.4
                               SPL top $0aef47: 09 25 04 ff ff ff ff ff ff ff ff ff ff ff ff ff
[36m>> [39m[32mCPU running[39m
[33mCPU paused (breakpoint)[39m
* 0402be: NOP                  AF:0002 BC:000003 DE:000000 HL:000000 SPS:0000 SPL:0aef47 IX:0affe5 IY:065539 ADL:1
[36m>> [39m* 0402be: NOP                  AF:0002 BC:000003 DE:000000 HL:000000 SPS:0000 SPL:0aef47 IX:0affe5 IY:065539 IR:014d MB:00 ADL:1 MADL:1 IFF1:1
                               Cycles since last break: 23506   Cycles per instruction: 3.1
                               SPL top $0aef47: 76 25 04 ff ff ff ff ff ff ff ff ff ff ff ff ff
[36m>> [39m[32mCPU running[39m
[33mCPU paused (breakpoint)[39m
* 0402bc: NOP                  AF:0100 BC:ffefd1 DE:00003c HL:000000 SPS:0000 SPL:0aef47 IX:0affe5 IY:00003c ADL:1
[36m>> [39m* 0402bc: NOP                  AF:0100 BC:ffefd1 DE:00003c HL:000000 SPS:0000 SPL:0aef47 IX:0affe5 IY:00003c IR:015d MB:00 ADL:1 MADL:1 IFF1:1
                               Cycles since last break: 51980   Cycles per instruction: 2.4
                               SPL top $0aef47: 09 25 04 ff ff ff ff ff ff ff ff ff ff ff ff ff
[36m>> [39m[32mCPU running[39m
[33mCPU paused (breakpoint)[39m
* 0402be: NOP                  AF:0002 BC:000003 DE:000000 HL:000000 SPS:0000 SPL:0aef47 IX:0affe5 IY:065539 ADL:1
[36m>> [39m* 0402be: NOP                  AF:0002 BC:000003 DE:000000 HL:000000 SPS:0000 SPL:0aef47 IX:0affe5 IY:065539 IR:0115 MB:00 ADL:1 MADL:1 IFF1:1
                               Cycles since last break: 23506   Cycles per instruction: 3.1
                               SPL top $0aef47: 76 25 04 ff ff ff ff ff ff ff ff ff ff ff ff ff
[36m>> [39m[32mCPU running[39m
[33mCPU paused (breakpoint)[39m
* 0402bc: NOP                  AF:0100 BC:ffefd1 DE:00003c HL:000000 SPS:0000 SPL:0aef47 IX:0affe5 IY:00003c ADL:1
[36m>> [39m* 0402bc: NOP                  AF:0100 BC:ffefd1 DE:00003c HL:000000 SPS:0000 SPL:0aef47 IX:0affe5 IY:00003c IR:0122 MB:00 ADL:1 MADL:1 IFF1:1
                               Cycles since last break: 51977   Cycles per instruction: 2.4
                               SPL top $0aef47: 09 25 04 ff ff ff ff ff ff ff ff ff ff ff ff ff
[36m>> [39m[32mCPU running[39m
[33mCPU paused (breakpoint)[39m
* 0402be: NOP                  AF:0002 BC:000003 DE:000000 HL:000000 SPS:0000 SPL:0aef47 IX:0affe5 IY:065539 ADL:1
[36m>> [39m* 0402be: NOP                  AF:0002 BC:000003 DE:000000 HL:000000 SPS:0000 SPL:0aef47 IX:0affe5 IY:065539 IR:01da MB:00 ADL:1 MADL:1 IFF1:1
                               Cycles since last break: 23506   Cycles per instruction: 3.1
                               SPL top $0aef47: 76 25 04 ff ff ff ff ff ff ff ff ff ff ff ff ff
[36m>> [39m[32mCPU running[39m
[33mCPU paused (breakpoint)[39m
* 0402bc: NOP                  AF:0100 BC:ffefd1 DE:00003c HL:000000 SPS:0000 SPL:0aef47 IX:0affe5 IY:00003c ADL:1
[36m>> [39m* 0402bc: NOP                  AF:0100 BC:ffefd1 DE:00003c HL:000000 SPS:0000 SPL:0aef47 IX:0affe5 IY:00003c IR:01d5 MB:00 ADL:1 MADL:1 IFF1:1
                               Cycles since last break: 51781   Cycles per instruction: 2.4
                               SPL top $0aef47: 09 25 04 ff ff ff ff ff ff ff ff ff ff ff ff ff
[36m>> [39m[32mCPU running[39m
[33mCPU paused (breakpoint)[39m
* 0402be: NOP                  AF:0002 BC:000003 DE:000000 HL:000000 SPS:0000 SPL:0aef47 IX:0affe5 IY:065539 ADL:1
[36m>> [39m* 0402be: NOP                  AF:0002 BC:000003 DE:000000 HL:000000 SPS:0000 SPL:0aef47 IX:0affe5 IY:065539 IR:018d MB:00 ADL:1 MADL:1 IFF1:1
                               Cycles since last break: 23506   Cycles per instruction: 3.1
                               SPL top $0aef47: 76 25 04 ff ff ff ff ff ff ff ff ff ff ff ff ff
[36m>> [39m[32mCPU running[39m
[33mCPU paused (breakpoint)[39m
* 0402bc: NOP                  AF:0100 BC:ffefd1 DE:00003c HL:000000 SPS:0000 SPL:0aef47 IX:0affe5 IY:00003c ADL:1
[36m>> [39m* 0402bc: NOP                  AF:0100 BC:ffefd1 DE:00003c HL:000000 SPS:0000 SPL:0aef47 IX:0affe5 IY:00003c IR:016e MB:00 ADL:1 MADL:1 IFF1:1
                               Cycles since last break: 51840   Cycles per instruction: 2.4
                               SPL top $0aef47: 09 25 04 ff ff ff ff ff ff ff ff ff ff ff ff ff
[36m>> [39m[32mCPU running[39m
[33mCPU paused (breakpoint)[39m
* 0402be: NOP                  AF:0002 BC:000003 DE:000000 HL:000000 SPS:0000 SPL:0aef47 IX:0affe5 IY:065539 ADL:1
[36m>> [39m* 0402be: NOP                  AF:0002 BC:000003 DE:000000 HL:000000 SPS:0000 SPL:0aef47 IX:0affe5 IY:065539 IR:0126 MB:00 ADL:1 MADL:1 IFF1:1
                               Cycles since last break: 23506   Cycles per instruction: 3.1
                               SPL top $0aef47: 76 25 04 ff ff ff ff ff ff ff ff ff ff ff ff ff
[36m>> [39m[32mCPU running[39m
[33mCPU paused (breakpoint)[39m
* 0402bc: NOP                  AF:0100 BC:ffefd1 DE:00003c HL:000000 SPS:0000 SPL:0aef47 IX:0affe5 IY:00003c ADL:1
[36m>> [39m* 0402bc: NOP                  AF:0100 BC:ffefd1 DE:00003c HL:000000 SPS:0000 SPL:0aef47 IX:0affe5 IY:00003c IR:01d4 MB:00 ADL:1 MADL:1 IFF1:1
                               Cycles since last break: 51623   Cycles per instruction: 2.4
                               SPL top $0aef47: 09 25 04 ff ff ff ff ff ff ff ff ff ff ff ff ff
[36m>> [39m[32mCPU running[39m
[33mCPU paused (breakpoint)[39m
* 0402be: NOP                  AF:0002 BC:000003 DE:000000 HL:000000 SPS:0000 SPL:0aef47 IX:0affe5 IY:065539 ADL:1
[36m>> [39m* 0402be: NOP                  AF:0002 BC:000003 DE:000000 HL:000000 SPS:0000 SPL:0aef47 IX:0affe5 IY:065539 IR:018c MB:00 ADL:1 MADL:1 IFF1:1
                               Cycles since last break: 23506   Cycles per instruction: 3.1
                               SPL top $0aef47: 76 25 04 ff ff ff ff ff ff ff ff ff ff ff ff ff
[36m>> [39m[32mCPU running[39m
[33mCPU paused (breakpoint)[39m
* 0402bc: NOP                  AF:0100 BC:ffefd1 DE:00003c HL:000000 SPS:0000 SPL:0aef47 IX:0affe5 IY:00003c ADL:1
[36m>> [39m* 0402bc: NOP                  AF:0100 BC:ffefd1 DE:00003c HL:000000 SPS:0000 SPL:0aef47 IX:0affe5 IY:00003c IR:016e MB:00 ADL:1 MADL:1 IFF1:1
                               Cycles since last break: 51672   Cycles per instruction: 2.4
                               SPL top $0aef47: 09 25 04 ff ff ff ff ff ff ff ff ff ff ff ff ff
[36m>> [39m[32mCPU running[39m
[33mCPU paused (breakpoint)[39m
* 0402be: NOP                  AF:0002 BC:000003 DE:000000 HL:000000 SPS:0000 SPL:0aef47 IX:0affe5 IY:065539 ADL:1
[36m>> [39m* 0402be: NOP                  AF:0002 BC:000003 DE:000000 HL:000000 SPS:0000 SPL:0aef47 IX:0affe5 IY:065539 IR:0126 MB:00 ADL:1 MADL:1 IFF1:1
                               Cycles since last break: 23506   Cycles per instruction: 3.1
                               SPL top $0aef47: 76 25 04 ff ff ff ff ff ff ff ff ff ff ff ff ff
[36m>> [39m[32mCPU running[39m
[33mCPU paused (breakpoint)[39m
* 0402bc: NOP                  AF:0100 BC:ffefd1 DE:00003c HL:000000 SPS:0000 SPL:0aef47 IX:0affe5 IY:00003c ADL:1
[36m>> [39m* 0402bc: NOP                  AF:0100 BC:ffefd1 DE:00003c HL:000000 SPS:0000 SPL:0aef47 IX:0affe5 IY:00003c IR:01e2 MB:00 ADL:1 MADL:1 IFF1:1
                               Cycles since last break: 51635   Cycles per instruction: 2.4
                               SPL top $0aef47: 09 25 04 ff ff ff ff ff ff ff ff ff ff ff ff ff
[36m>> [39m[32mCPU running[39m
[33mCPU paused (breakpoint)[39m
* 0402be: NOP                  AF:0002 BC:000003 DE:000000 HL:000000 SPS:0000 SPL:0aef47 IX:0affe5 IY:065539 ADL:1
[36m>> [39m* 0402be: NOP                  AF:0002 BC:000003 DE:000000 HL:000000 SPS:0000 SPL:0aef47 IX:0affe5 IY:065539 IR:019a MB:00 ADL:1 MADL:1 IFF1:1
                               Cycles since last break: 23506   Cycles per instruction: 3.1
                               SPL top $0aef47: 76 25 04 ff ff ff ff ff ff ff ff ff ff ff ff ff
[36m>> [39m[32mCPU running[39m
[33mCPU paused (breakpoint)[39m
* 0402bc: NOP                  AF:0100 BC:ffefd1 DE:00003c HL:000000 SPS:0000 SPL:0aef47 IX:0affe5 IY:00003c ADL:1
[36m>> [39m* 0402bc: NOP                  AF:0100 BC:ffefd1 DE:00003c HL:000000 SPS:0000 SPL:0aef47 IX:0affe5 IY:00003c IR:01a8 MB:00 ADL:1 MADL:1 IFF1:1
                               Cycles since last break: 51892   Cycles per instruction: 2.4
                               SPL top $0aef47: 09 25 04 ff ff ff ff ff ff ff ff ff ff ff ff ff
[36m>> [39m[32mCPU running[39m
[33mCPU paused (breakpoint)[39m
* 0402be: NOP                  AF:0002 BC:000003 DE:000000 HL:000000 SPS:0000 SPL:0aef47 IX:0affe5 IY:065539 ADL:1
[36m>> [39m* 0402be: NOP                  AF:0002 BC:000003 DE:000000 HL:000000 SPS:0000 SPL:0aef47 IX:0affe5 IY:065539 IR:0160 MB:00 ADL:1 MADL:1 IFF1:1
                               Cycles since last break: 23506   Cycles per instruction: 3.1
                               SPL top $0aef47: 76 25 04 ff ff ff ff ff ff ff ff ff ff ff ff ff
[36m>> [39m[32mCPU running[39m
[33mCPU paused (breakpoint)[39m
* 0402bc: NOP                  AF:0100 BC:ffefd1 DE:00003c HL:000000 SPS:0000 SPL:0aef47 IX:0affe5 IY:00003c ADL:1
[36m>> [39m* 0402bc: NOP                  AF:0100 BC:ffefd1 DE:00003c HL:000000 SPS:0000 SPL:0aef47 IX:0affe5 IY:00003c IR:0180 MB:00 ADL:1 MADL:1 IFF1:1
                               Cycles since last break: 51910   Cycles per instruction: 2.4
                               SPL top $0aef47: 09 25 04 ff ff ff ff ff ff ff ff ff ff ff ff ff
[36m>> [39m[32mCPU running[39m
[33mCPU paused (breakpoint)[39m
* 0402be: NOP                  AF:0002 BC:000003 DE:000000 HL:000000 SPS:0000 SPL:0aef47 IX:0affe5 IY:065539 ADL:1
[36m>> [39m* 0402be: NOP                  AF:0002 BC:000003 DE:000000 HL:000000 SPS:0000 SPL:0aef47 IX:0affe5 IY:065539 IR:0138 MB:00 ADL:1 MADL:1 IFF1:1
                               Cycles since last break: 23506   Cycles per instruction: 3.1
                               SPL top $0aef47: 76 25 04 ff ff ff ff ff ff ff ff ff ff ff ff ff
[36m>> [39m[32mCPU running[39m
[33mCPU paused (breakpoint)[39m
* 0402bc: NOP                  AF:0100 BC:ffefd1 DE:00003c HL:000000 SPS:0000 SPL:0aef47 IX:0affe5 IY:00003c ADL:1
[36m>> [39m* 0402bc: NOP                  AF:0100 BC:ffefd1 DE:00003c HL:000000 SPS:0000 SPL:0aef47 IX:0affe5 IY:00003c IR:014c MB:00 ADL:1 MADL:1 IFF1:1
                               Cycles since last break: 51898   Cycles per instruction: 2.4
                               SPL top $0aef47: 09 25 04 ff ff ff ff ff ff ff ff ff ff ff ff ff
[36m>> [39m[32mCPU running[39m
[33mCPU paused (breakpoint)[39m
* 0402be: NOP                  AF:0002 BC:000003 DE:000000 HL:000000 SPS:0000 SPL:0aef47 IX:0affe5 IY:065539 ADL:1
[36m>> [39m* 0402be: NOP                  AF:0002 BC:000003 DE:000000 HL:000000 SPS:0000 SPL:0aef47 IX:0affe5 IY:065539 IR:011b MB:00 ADL:1 MADL:1 IFF1:1
                               Cycles since last break: 23611   Cycles per instruction: 3.1
                               SPL top $0aef47: 76 25 04 ff ff ff ff ff ff ff ff ff ff ff ff ff
[36m>> [39m[32mCPU running[39m
[33mCPU paused (breakpoint)[39m
* 0402bc: NOP                  AF:0100 BC:ffefd1 DE:00003c HL:000000 SPS:0000 SPL:0aef47 IX:0affe5 IY:00003c ADL:1
[36m>> [39m* 0402bc: NOP                  AF:0100 BC:ffefd1 DE:00003c HL:000000 SPS:0000 SPL:0aef47 IX:0affe5 IY:00003c IR:01fc MB:00 ADL:1 MADL:1 IFF1:1
                               Cycles since last break: 51669   Cycles per instruction: 2.4
                               SPL top $0aef47: 09 25 04 ff ff ff ff ff ff ff ff ff ff ff ff ff
[36m>> [39m[32mCPU running[39m
[33mCPU paused (breakpoint)[39m
* 0402be: NOP                  AF:0002 BC:000003 DE:000000 HL:000000 SPS:0000 SPL:0aef47 IX:0affe5 IY:065539 ADL:1
[36m>> [39m* 0402be: NOP                  AF:0002 BC:000003 DE:000000 HL:000000 SPS:0000 SPL:0aef47 IX:0affe5 IY:065539 IR:01b4 MB:00 ADL:1 MADL:1 IFF1:1
                               Cycles since last break: 23506   Cycles per instruction: 3.1
                               SPL top $0aef47: 76 25 04 ff ff ff ff ff ff ff ff ff ff ff ff ff
[36m>> [39m[32mCPU running[39m
[33mCPU paused (breakpoint)[39m
* 0402bc: NOP                  AF:0100 BC:ffefd1 DE:00003c HL:000000 SPS:0000 SPL:0aef47 IX:0affe5 IY:00003c ADL:1
[36m>> [39m* 0402bc: NOP                  AF:0100 BC:ffefd1 DE:00003c HL:000000 SPS:0000 SPL:0aef47 IX:0affe5 IY:00003c IR:0161 MB:00 ADL:1 MADL:1 IFF1:1
                               Cycles since last break: 51620   Cycles per instruction: 2.4
                               SPL top $0aef47: 09 25 04 ff ff ff ff ff ff ff ff ff ff ff ff ff
[36m>> [39m[32mCPU running[39m
[33mCPU paused (breakpoint)[39m
* 0402be: NOP                  AF:0002 BC:000003 DE:000000 HL:000000 SPS:0000 SPL:0aef47 IX:0affe5 IY:065539 ADL:1
[36m>> [39m* 0402be: NOP                  AF:0002 BC:000003 DE:000000 HL:000000 SPS:0000 SPL:0aef47 IX:0affe5 IY:065539 IR:0119 MB:00 ADL:1 MADL:1 IFF1:1
                               Cycles since last break: 23506   Cycles per instruction: 3.1
                               SPL top $0aef47: 76 25 04 ff ff ff ff ff ff ff ff ff ff ff ff ff
[36m>> [39m[32mCPU running[39m
[33mCPU paused (breakpoint)[39m
* 0402bc: NOP                  AF:0100 BC:ffefd1 DE:00003c HL:000000 SPS:0000 SPL:0aef47 IX:0affe5 IY:00003c ADL:1
[36m>> [39m* 0402bc: NOP                  AF:0100 BC:ffefd1 DE:00003c HL:000000 SPS:0000 SPL:0aef47 IX:0affe5 IY:00003c IR:01d3 MB:00 ADL:1 MADL:1 IFF1:1
                               Cycles since last break: 51635   Cycles per instruction: 2.4
                               SPL top $0aef47: 09 25 04 ff ff ff ff ff ff ff ff ff ff ff ff ff
[36m>> [39m[32mCPU running[39m
[33mCPU paused (breakpoint)[39m
* 0402be: NOP                  AF:0002 BC:000003 DE:000000 HL:000000 SPS:0000 SPL:0aef47 IX:0affe5 IY:065539 ADL:1
[36m>> [39m* 0402be: NOP                  AF:0002 BC:000003 DE:000000 HL:000000 SPS:0000 SPL:0aef47 IX:0affe5 IY:065539 IR:018b MB:00 ADL:1 MADL:1 IFF1:1
                               Cycles since last break: 23506   Cycles per instruction: 3.1
                               SPL top $0aef47: 76 25 04 ff ff ff ff ff ff ff ff ff ff ff ff ff
[36m>> [39m[32mCPU running[39m
[33mCPU paused (breakpoint)[39m
* 0402bc: NOP                  AF:0100 BC:ffefd1 DE:00003c HL:000000 SPS:0000 SPL:0aef47 IX:0affe5 IY:00003c ADL:1
[36m>> [39m* 0402bc: NOP                  AF:0100 BC:ffefd1 DE:00003c HL:000000 SPS:0000 SPL:0aef47 IX:0affe5 IY:00003c IR:018d MB:00 ADL:1 MADL:1 IFF1:1
                               Cycles since last break: 51790   Cycles per instruction: 2.4
                               SPL top $0aef47: 09 25 04 ff ff ff ff ff ff ff ff ff ff ff ff ff
[36m>> [39m[32mCPU running[39m
[33mCPU paused (breakpoint)[39m
* 0402be: NOP                  AF:0002 BC:000003 DE:000000 HL:000000 SPS:0000 SPL:0aef47 IX:0affe5 IY:065539 ADL:1
[36m>> [39m* 0402be: NOP                  AF:0002 BC:000003 DE:000000 HL:000000 SPS:0000 SPL:0aef47 IX:0affe5 IY:065539 IR:0145 MB:00 ADL:1 MADL:1 IFF1:1
                               Cycles since last break: 23506   Cycles per instruction: 3.1
                               SPL top $0aef47: 76 25 04 ff ff ff ff ff ff ff ff ff ff ff ff ff
[36m>> [39m[32mCPU running[39m
[33mCPU paused (breakpoint)[39m
* 0402bc: NOP                  AF:0100 BC:ffefd1 DE:00003c HL:000000 SPS:0000 SPL:0aef47 IX:0affe5 IY:00003c ADL:1
[36m>> [39m* 0402bc: NOP                  AF:0100 BC:ffefd1 DE:00003c HL:000000 SPS:0000 SPL:0aef47 IX:0affe5 IY:00003c IR:01eb MB:00 ADL:1 MADL:1 IFF1:1
                               Cycles since last break: 51699   Cycles per instruction: 2.4
                               SPL top $0aef47: 09 25 04 ff ff ff ff ff ff ff ff ff ff ff ff ff
[36m>> [39m[32mCPU running[39m
[33mCPU paused (breakpoint)[39m
* 0402be: NOP                  AF:0002 BC:000003 DE:000000 HL:000000 SPS:0000 SPL:0aef47 IX:0affe5 IY:065539 ADL:1
[36m>> [39m* 0402be: NOP                  AF:0002 BC:000003 DE:000000 HL:000000 SPS:0000 SPL:0aef47 IX:0affe5 IY:065539 IR:01ba MB:00 ADL:1 MADL:1 IFF1:1
                               Cycles since last break: 23611   Cycles per instruction: 3.1
                               SPL top $0aef47: 76 25 04 ff ff ff ff ff ff ff ff ff ff ff ff ff
[36m>> [39m[32mCPU running[39m
[33mCPU paused (breakpoint)[39m
* 0402bc: NOP                  AF:0100 BC:ffefd1 DE:00003c HL:000000 SPS:0000 SPL:0aef47 IX:0affe5 IY:00003c ADL:1
[36m>> [39m* 0402bc: NOP                  AF:0100 BC:ffefd1 DE:00003c HL:000000 SPS:0000 SPL:0aef47 IX:0affe5 IY:00003c IR:01b5 MB:00 ADL:1 MADL:1 IFF1:1
                               Cycles since last break: 51959   Cycles per instruction: 2.4
                               SPL top $0aef47: 09 25 04 ff ff ff ff ff ff ff ff ff ff ff ff ff
[36m>> [39m[32mCPU running[39m
[33mCPU paused (breakpoint)[39m
* 0402be: NOP                  AF:0002 BC:000003 DE:000000 HL:000000 SPS:0000 SPL:0aef47 IX:0affe5 IY:065539 ADL:1
[36m>> [39m* 0402be: NOP                  AF:0002 BC:000003 DE:000000 HL:000000 SPS:0000 SPL:0aef47 IX:0affe5 IY:065539 IR:016d MB:00 ADL:1 MADL:1 IFF1:1
                               Cycles since last break: 23506   Cycles per instruction: 3.1
                               SPL top $0aef47: 76 25 04 ff ff ff ff ff ff ff ff ff ff ff ff ff
[36m>> [39m[32mCPU running[39m
[33mCPU paused (breakpoint)[39m
* 0402bc: NOP                  AF:0100 BC:ffefd1 DE:00003c HL:000000 SPS:0000 SPL:0aef47 IX:0affe5 IY:00003c ADL:1
[36m>> [39m* 0402bc: NOP                  AF:0100 BC:ffefd1 DE:00003c HL:000000 SPS:0000 SPL:0aef47 IX:0affe5 IY:00003c IR:0180 MB:00 ADL:1 MADL:1 IFF1:1
                               Cycles since last break: 51983   Cycles per instruction: 2.4
                               SPL top $0aef47: 09 25 04 ff ff ff ff ff ff ff ff ff ff ff ff ff
[36m>> [39m[32mCPU running[39m
[33mCPU paused (breakpoint)[39m
* 0402be: NOP                  AF:0002 BC:000003 DE:000000 HL:000000 SPS:0000 SPL:0aef47 IX:0affe5 IY:065539 ADL:1
[36m>> [39m* 0402be: NOP                  AF:0002 BC:000003 DE:000000 HL:000000 SPS:0000 SPL:0aef47 IX:0affe5 IY:065539 IR:0138 MB:00 ADL:1 MADL:1 IFF1:1
                               Cycles since last break: 23506   Cycles per instruction: 3.1
                               SPL top $0aef47: 76 25 04 ff ff ff ff ff ff ff ff ff ff ff ff ff
[36m>> [39m[32mCPU running[39m
[33mCPU paused (breakpoint)[39m
* 0402bc: NOP                  AF:0100 BC:ffefd1 DE:00003c HL:000000 SPS:0000 SPL:0aef47 IX:0affe5 IY:00003c ADL:1
[36m>> [39m* 0402bc: NOP                  AF:0100 BC:ffefd1 DE:00003c HL:000000 SPS:0000 SPL:0aef47 IX:0affe5 IY:00003c IR:0148 MB:00 ADL:1 MADL:1 IFF1:1
                               Cycles since last break: 51980   Cycles per instruction: 2.4
                               SPL top $0aef47: 09 25 04 ff ff ff ff ff ff ff ff ff ff ff ff ff
[36m>> [39m[32mCPU running[39m
[33mCPU paused (breakpoint)[39m
* 0402be: NOP                  AF:0002 BC:000003 DE:000000 HL:000000 SPS:0000 SPL:0aef47 IX:0affe5 IY:065539 ADL:1
[36m>> [39m* 0402be: NOP                  AF:0002 BC:000003 DE:000000 HL:000000 SPS:0000 SPL:0aef47 IX:0affe5 IY:065539 IR:0100 MB:00 ADL:1 MADL:1 IFF1:1
                               Cycles since last break: 23506   Cycles per instruction: 3.1
                               SPL top $0aef47: 76 25 04 ff ff ff ff ff ff ff ff ff ff ff ff ff
[36m>> [39m[32mCPU running[39m
[33mCPU paused (breakpoint)[39m
* 0402bc: NOP                  AF:0100 BC:ffefd1 DE:00003c HL:000000 SPS:0000 SPL:0aef47 IX:0affe5 IY:00003c ADL:1
[36m>> [39m* 0402bc: NOP                  AF:0100 BC:ffefd1 DE:00003c HL:000000 SPS:0000 SPL:0aef47 IX:0affe5 IY:00003c IR:01da MB:00 ADL:1 MADL:1 IFF1:1
                               Cycles since last break: 51748   Cycles per instruction: 2.4
                               SPL top $0aef47: 09 25 04 ff ff ff ff ff ff ff ff ff ff ff ff ff
[36m>> [39m[32mCPU running[39m
[33mCPU paused (breakpoint)[39m
* 0402be: NOP                  AF:0002 BC:000003 DE:000000 HL:000000 SPS:0000 SPL:0aef47 IX:0affe5 IY:065539 ADL:1
[36m>> [39m* 0402be: NOP                  AF:0002 BC:000003 DE:000000 HL:000000 SPS:0000 SPL:0aef47 IX:0affe5 IY:065539 IR:0192 MB:00 ADL:1 MADL:1 IFF1:1
                               Cycles since last break: 23506   Cycles per instruction: 3.1
                               SPL top $0aef47: 76 25 04 ff ff ff ff ff ff ff ff ff ff ff ff ff
[36m>> [39m[32mCPU running[39m
[33mCPU paused (breakpoint)[39m
* 0402bc: NOP                  AF:0100 BC:ffefd1 DE:00003c HL:000000 SPS:0000 SPL:0aef47 IX:0affe5 IY:00003c ADL:1
[36m>> [39m* 0402bc: NOP                  AF:0100 BC:ffefd1 DE:00003c HL:000000 SPS:0000 SPL:0aef47 IX:0affe5 IY:00003c IR:0138 MB:00 ADL:1 MADL:1 IFF1:1
                               Cycles since last break: 51699   Cycles per instruction: 2.4
                               SPL top $0aef47: 09 25 04 ff ff ff ff ff ff ff ff ff ff ff ff ff
[36m>> [39m[32mCPU running[39m
[33mCPU paused (breakpoint)[39m
* 0402be: NOP                  AF:0002 BC:000003 DE:000000 HL:000000 SPS:0000 SPL:0aef47 IX:0affe5 IY:065539 ADL:1
[36m>> [39m* 0402be: NOP                  AF:0002 BC:000003 DE:000000 HL:000000 SPS:0000 SPL:0aef47 IX:0affe5 IY:065539 IR:0107 MB:00 ADL:1 MADL:1 IFF1:1
                               Cycles since last break: 23611   Cycles per instruction: 3.1
                               SPL top $0aef47: 76 25 04 ff ff ff ff ff ff ff ff ff ff ff ff ff
[36m>> [39m[32mCPU running[39m
[33mCPU paused (breakpoint)[39m
* 0402bc: NOP                  AF:0100 BC:ffefd1 DE:00003c HL:000000 SPS:0000 SPL:0aef47 IX:0affe5 IY:00003c ADL:1
[36m>> [39m* 0402bc: NOP                  AF:0100 BC:ffefd1 DE:00003c HL:000000 SPS:0000 SPL:0aef47 IX:0affe5 IY:00003c IR:01b1 MB:00 ADL:1 MADL:1 IFF1:1
                               Cycles since last break: 51705   Cycles per instruction: 2.4
                               SPL top $0aef47: 09 25 04 ff ff ff ff ff ff ff ff ff ff ff ff ff
[36m>> [39m[32mCPU running[39m
[33mCPU paused (breakpoint)[39m
* 0402be: NOP                  AF:0002 BC:000003 DE:000000 HL:000000 SPS:0000 SPL:0aef47 IX:0affe5 IY:065539 ADL:1
[36m>> [39m* 0402be: NOP                  AF:0002 BC:000003 DE:000000 HL:000000 SPS:0000 SPL:0aef47 IX:0affe5 IY:065539 IR:0169 MB:00 ADL:1 MADL:1 IFF1:1
                               Cycles since last break: 23506   Cycles per instruction: 3.1
                               SPL top $0aef47: 76 25 04 ff ff ff ff ff ff ff ff ff ff ff ff ff
[36m>> [39m[32mCPU running[39m
[33mCPU paused (breakpoint)[39m
* 0402bc: NOP                  AF:0100 BC:ffefd1 DE:00003c HL:000000 SPS:0000 SPL:0aef47 IX:0affe5 IY:00003c ADL:1
[36m>> [39m* 0402bc: NOP                  AF:0100 BC:ffefd1 DE:00003c HL:000000 SPS:0000 SPL:0aef47 IX:0affe5 IY:00003c IR:0153 MB:00 ADL:1 MADL:1 IFF1:1
                               Cycles since last break: 51766   Cycles per instruction: 2.4
                               SPL top $0aef47: 09 25 04 ff ff ff ff ff ff ff ff ff ff ff ff ff
[36m>> [39m[32mCPU running[39m
[33mCPU paused (breakpoint)[39m
* 0402be: NOP                  AF:0002 BC:000003 DE:000000 HL:000000 SPS:0000 SPL:0aef47 IX:0affe5 IY:065539 ADL:1
[36m>> [39m* 0402be: NOP                  AF:0002 BC:000003 DE:000000 HL:000000 SPS:0000 SPL:0aef47 IX:0affe5 IY:065539 IR:010b MB:00 ADL:1 MADL:1 IFF1:1
                               Cycles since last break: 23506   Cycles per instruction: 3.1
                               SPL top $0aef47: 76 25 04 ff ff ff ff ff ff ff ff ff ff ff ff ff
[36m>> [39m[32mCPU running[39m
[33mCPU paused (breakpoint)[39m
* 0402bc: NOP                  AF:0100 BC:ffefd1 DE:00003c HL:000000 SPS:0000 SPL:0aef47 IX:0affe5 IY:00003c ADL:1
[36m>> [39m* 0402bc: NOP                  AF:0100 BC:ffefd1 DE:00003c HL:000000 SPS:0000 SPL:0aef47 IX:0affe5 IY:00003c IR:01ba MB:00 ADL:1 MADL:1 IFF1:1
                               Cycles since last break: 51708   Cycles per instruction: 2.4
                               SPL top $0aef47: 09 25 04 ff ff ff ff ff ff ff ff ff ff ff ff ff
[36m>> [39m[32mCPU running[39m
[33mCPU paused (breakpoint)[39m
* 0402be: NOP                  AF:0002 BC:000003 DE:000000 HL:000000 SPS:0000 SPL:0aef47 IX:0affe5 IY:065539 ADL:1
[36m>> [39m* 0402be: NOP                  AF:0002 BC:000003 DE:000000 HL:000000 SPS:0000 SPL:0aef47 IX:0affe5 IY:065539 IR:0172 MB:00 ADL:1 MADL:1 IFF1:1
                               Cycles since last break: 23506   Cycles per instruction: 3.1
                               SPL top $0aef47: 76 25 04 ff ff ff ff ff ff ff ff ff ff ff ff ff
[36m>> [39m[32mCPU running[39m
[33mCPU paused (breakpoint)[39m
* 0402bc: NOP                  AF:0100 BC:ffefd1 DE:00003c HL:000000 SPS:0000 SPL:0aef47 IX:0affe5 IY:00003c ADL:1
[36m>> [39m* 0402bc: NOP                  AF:0100 BC:ffefd1 DE:00003c HL:000000 SPS:0000 SPL:0aef47 IX:0affe5 IY:00003c IR:017f MB:00 ADL:1 MADL:1 IFF1:1
                               Cycles since last break: 51977   Cycles per instruction: 2.4
                               SPL top $0aef47: 09 25 04 ff ff ff ff ff ff ff ff ff ff ff ff ff
[36m>> [39m[32mCPU running[39m
[33mCPU paused (breakpoint)[39m
* 0402be: NOP                  AF:0002 BC:000003 DE:000000 HL:000000 SPS:0000 SPL:0aef47 IX:0affe5 IY:065539 ADL:1
[36m>> [39m* 0402be: NOP                  AF:0002 BC:000003 DE:000000 HL:000000 SPS:0000 SPL:0aef47 IX:0affe5 IY:065539 IR:0137 MB:00 ADL:1 MADL:1 IFF1:1
                               Cycles since last break: 23506   Cycles per instruction: 3.1
                               SPL top $0aef47: 76 25 04 ff ff ff ff ff ff ff ff ff ff ff ff ff
[36m>> [39m[32mCPU running[39m
[33mCPU paused (breakpoint)[39m
* 0402bc: NOP                  AF:0100 BC:ffefd1 DE:00003c HL:000000 SPS:0000 SPL:0aef47 IX:0affe5 IY:00003c ADL:1
[36m>> [39m* 0402bc: NOP                  AF:0100 BC:ffefd1 DE:00003c HL:000000 SPS:0000 SPL:0aef47 IX:0affe5 IY:00003c IR:013b MB:00 ADL:1 MADL:1 IFF1:1
                               Cycles since last break: 51968   Cycles per instruction: 2.4
                               SPL top $0aef47: 09 25 04 ff ff ff ff ff ff ff ff ff ff ff ff ff
[36m>> [39m[32mCPU running[39m
[33mCPU paused (breakpoint)[39m
* 0402be: NOP                  AF:0002 BC:000003 DE:000000 HL:000000 SPS:0000 SPL:0aef47 IX:0affe5 IY:065539 ADL:1
[36m>> [39m* 0402be: NOP                  AF:0002 BC:000003 DE:000000 HL:000000 SPS:0000 SPL:0aef47 IX:0affe5 IY:065539 IR:01f3 MB:00 ADL:1 MADL:1 IFF1:1
                               Cycles since last break: 23506   Cycles per instruction: 3.1
                               SPL top $0aef47: 76 25 04 ff ff ff ff ff ff ff ff ff ff ff ff ff
[36m>> [39m[32mCPU running[39m
[33mCPU paused (breakpoint)[39m
* 0402bc: NOP                  AF:0100 BC:ffefd1 DE:00003c HL:000000 SPS:0000 SPL:0aef47 IX:0affe5 IY:00003c ADL:1
[36m>> [39m* 0402bc: NOP                  AF:0100 BC:ffefd1 DE:00003c HL:000000 SPS:0000 SPL:0aef47 IX:0affe5 IY:00003c IR:01ee MB:00 ADL:1 MADL:1 IFF1:1
                               Cycles since last break: 51959   Cycles per instruction: 2.4
                               SPL top $0aef47: 09 25 04 ff ff ff ff ff ff ff ff ff ff ff ff ff
[36m>> [39m[32mCPU running[39m
[33mCPU paused (breakpoint)[39m
* 0402be: NOP                  AF:0002 BC:000003 DE:000000 HL:000000 SPS:0000 SPL:0aef47 IX:0affe5 IY:065539 ADL:1
[36m>> [39m* 0402be: NOP                  AF:0002 BC:000003 DE:000000 HL:000000 SPS:0000 SPL:0aef47 IX:0affe5 IY:065539 IR:01a6 MB:00 ADL:1 MADL:1 IFF1:1
                               Cycles since last break: 23506   Cycles per instruction: 3.1
                               SPL top $0aef47: 76 25 04 ff ff ff ff ff ff ff ff ff ff ff ff ff
[36m>> [39m[32mCPU running[39m
[33mCPU paused (breakpoint)[39m
* 0402bc: NOP                  AF:0100 BC:ffefd1 DE:00003c HL:000000 SPS:0000 SPL:0aef47 IX:0affe5 IY:00003c ADL:1
[36m>> [39m* 0402bc: NOP                  AF:0100 BC:ffefd1 DE:00003c HL:000000 SPS:0000 SPL:0aef47 IX:0affe5 IY:00003c IR:019a MB:00 ADL:1 MADL:1 IFF1:1
                               Cycles since last break: 51856   Cycles per instruction: 2.4
                               SPL top $0aef47: 09 25 04 ff ff ff ff ff ff ff ff ff ff ff ff ff
[36m>> [39m[32mCPU running[39m
[33mCPU paused (breakpoint)[39m
* 0402be: NOP                  AF:0002 BC:000003 DE:000000 HL:000000 SPS:0000 SPL:0aef47 IX:0affe5 IY:065539 ADL:1
[36m>> [39m* 0402be: NOP                  AF:0002 BC:000003 DE:000000 HL:000000 SPS:0000 SPL:0aef47 IX:0affe5 IY:065539 IR:0152 MB:00 ADL:1 MADL:1 IFF1:1
                               Cycles since last break: 23506   Cycles per instruction: 3.1
                               SPL top $0aef47: 76 25 04 ff ff ff ff ff ff ff ff ff ff ff ff ff
[36m>> [39m[32mCPU running[39m
[33mCPU paused (breakpoint)[39m
* 0402bc: NOP                  AF:0100 BC:ffefd1 DE:00003c HL:000000 SPS:0000 SPL:0aef47 IX:0affe5 IY:00003c ADL:1
[36m>> [39m* 0402bc: NOP                  AF:0100 BC:ffefd1 DE:00003c HL:000000 SPS:0000 SPL:0aef47 IX:0affe5 IY:00003c IR:01f5 MB:00 ADL:1 MADL:1 IFF1:1
                               Cycles since last break: 51696   Cycles per instruction: 2.4
                               SPL top $0aef47: 09 25 04 ff ff ff ff ff ff ff ff ff ff ff ff ff
[36m>> [39m[32mCPU running[39m
[33mCPU paused (breakpoint)[39m
* 0402be: NOP                  AF:0002 BC:000003 DE:000000 HL:000000 SPS:0000 SPL:0aef47 IX:0affe5 IY:065539 ADL:1
[36m>> [39m* 0402be: NOP                  AF:0002 BC:000003 DE:000000 HL:000000 SPS:0000 SPL:0aef47 IX:0affe5 IY:065539 IR:01ad MB:00 ADL:1 MADL:1 IFF1:1
                               Cycles since last break: 23506   Cycles per instruction: 3.1
                               SPL top $0aef47: 76 25 04 ff ff ff ff ff ff ff ff ff ff ff ff ff
[36m>> [39m[32mCPU running[39m
[33mCPU paused (breakpoint)[39m
* 0402bc: NOP                  AF:0100 BC:ffefd1 DE:00003c HL:000000 SPS:0000 SPL:0aef47 IX:0affe5 IY:00003c ADL:1
[36m>> [39m* 0402bc: NOP                  AF:0100 BC:ffefd1 DE:00003c HL:000000 SPS:0000 SPL:0aef47 IX:0affe5 IY:00003c IR:0169 MB:00 ADL:1 MADL:1 IFF1:1
                               Cycles since last break: 51723   Cycles per instruction: 2.4
                               SPL top $0aef47: 09 25 04 ff ff ff ff ff ff ff ff ff ff ff ff ff
[36m>> [39m[32mCPU running[39m
[33mCPU paused (breakpoint)[39m
* 0402be: NOP                  AF:0002 BC:000003 DE:000000 HL:000000 SPS:0000 SPL:0aef47 IX:0affe5 IY:065539 ADL:1
[36m>> [39m* 0402be: NOP                  AF:0002 BC:000003 DE:000000 HL:000000 SPS:0000 SPL:0aef47 IX:0affe5 IY:065539 IR:0121 MB:00 ADL:1 MADL:1 IFF1:1
                               Cycles since last break: 23506   Cycles per instruction: 3.1
                               SPL top $0aef47: 76 25 04 ff ff ff ff ff ff ff ff ff ff ff ff ff
[36m>> [39m[32mCPU running[39m
[33mCPU paused (breakpoint)[39m
* 0402bc: NOP                  AF:0100 BC:ffefd1 DE:00003c HL:000000 SPS:0000 SPL:0aef47 IX:0affe5 IY:00003c ADL:1
[36m>> [39m* 0402bc: NOP                  AF:0100 BC:ffefd1 DE:00003c HL:000000 SPS:0000 SPL:0aef47 IX:0affe5 IY:00003c IR:0108 MB:00 ADL:1 MADL:1 IFF1:1
                               Cycles since last break: 51763   Cycles per instruction: 2.4
                               SPL top $0aef47: 09 25 04 ff ff ff ff ff ff ff ff ff ff ff ff ff
[36m>> [39m[32mCPU running[39m
[33mCPU paused (breakpoint)[39m
* 0402be: NOP                  AF:0002 BC:000003 DE:000000 HL:000000 SPS:0000 SPL:0aef47 IX:0affe5 IY:065539 ADL:1
[36m>> [39m* 0402be: NOP                  AF:0002 BC:000003 DE:000000 HL:000000 SPS:0000 SPL:0aef47 IX:0affe5 IY:065539 IR:01c0 MB:00 ADL:1 MADL:1 IFF1:1
                               Cycles since last break: 23506   Cycles per instruction: 3.1
                               SPL top $0aef47: 76 25 04 ff ff ff ff ff ff ff ff ff ff ff ff ff
[36m>> [39m[32mCPU running[39m
[33mCPU paused (breakpoint)[39m
* 0402bc: NOP                  AF:0100 BC:ffefd1 DE:00003c HL:000000 SPS:0000 SPL:0aef47 IX:0affe5 IY:00003c ADL:1
[36m>> [39m* 0402bc: NOP                  AF:0100 BC:ffefd1 DE:00003c HL:000000 SPS:0000 SPL:0aef47 IX:0affe5 IY:00003c IR:0163 MB:00 ADL:1 MADL:1 IFF1:1
                               Cycles since last break: 51696   Cycles per instruction: 2.4
                               SPL top $0aef47: 09 25 04 ff ff ff ff ff ff ff ff ff ff ff ff ff
[36m>> [39m[32mCPU running[39m
[33mCPU paused (breakpoint)[39m
* 0402be: NOP                  AF:0002 BC:000003 DE:000000 HL:000000 SPS:0000 SPL:0aef47 IX:0affe5 IY:065539 ADL:1
[36m>> [39m* 0402be: NOP                  AF:0002 BC:000003 DE:000000 HL:000000 SPS:0000 SPL:0aef47 IX:0affe5 IY:065539 IR:011b MB:00 ADL:1 MADL:1 IFF1:1
                               Cycles since last break: 23506   Cycles per instruction: 3.1
                               SPL top $0aef47: 76 25 04 ff ff ff ff ff ff ff ff ff ff ff ff ff
[36m>> [39m[32mCPU running[39m
[33mCPU paused (breakpoint)[39m
* 0402bc: NOP                  AF:0100 BC:ffefd1 DE:00003c HL:000000 SPS:0000 SPL:0aef47 IX:0affe5 IY:00003c ADL:1
[36m>> [39m* 0402bc: NOP                  AF:0100 BC:ffefd1 DE:00003c HL:000000 SPS:0000 SPL:0aef47 IX:0affe5 IY:00003c IR:011c MB:00 ADL:1 MADL:1 IFF1:1
                               Cycles since last break: 51965   Cycles per instruction: 2.4
                               SPL top $0aef47: 09 25 04 ff ff ff ff ff ff ff ff ff ff ff ff ff
[36m>> [39m[32mCPU running[39m
[33mCPU paused (breakpoint)[39m
* 0402be: NOP                  AF:0002 BC:000003 DE:000000 HL:000000 SPS:0000 SPL:0aef47 IX:0affe5 IY:065539 ADL:1
[36m>> [39m* 0402be: NOP                  AF:0002 BC:000003 DE:000000 HL:000000 SPS:0000 SPL:0aef47 IX:0affe5 IY:065539 IR:01d4 MB:00 ADL:1 MADL:1 IFF1:1
                               Cycles since last break: 23506   Cycles per instruction: 3.1
                               SPL top $0aef47: 76 25 04 ff ff ff ff ff ff ff ff ff ff ff ff ff
[36m>> [39m[32mCPU running[39m
[33mCPU paused (breakpoint)[39m
* 0402bc: NOP                  AF:0100 BC:ffefd1 DE:00003c HL:000000 SPS:0000 SPL:0aef47 IX:0affe5 IY:00003c ADL:1
[36m>> [39m* 0402bc: NOP                  AF:0100 BC:ffefd1 DE:00003c HL:000000 SPS:0000 SPL:0aef47 IX:0affe5 IY:00003c IR:01cf MB:00 ADL:1 MADL:1 IFF1:1
                               Cycles since last break: 51959   Cycles per instruction: 2.4
                               SPL top $0aef47: 09 25 04 ff ff ff ff ff ff ff ff ff ff ff ff ff
[36m>> [39m[32mCPU running[39m
[33mCPU paused (breakpoint)[39m
* 0402be: NOP                  AF:0002 BC:000003 DE:000000 HL:000000 SPS:0000 SPL:0aef47 IX:0affe5 IY:065539 ADL:1
[36m>> [39m* 0402be: NOP                  AF:0002 BC:000003 DE:000000 HL:000000 SPS:0000 SPL:0aef47 IX:0affe5 IY:065539 IR:0187 MB:00 ADL:1 MADL:1 IFF1:1
                               Cycles since last break: 23506   Cycles per instruction: 3.1
                               SPL top $0aef47: 76 25 04 ff ff ff ff ff ff ff ff ff ff ff ff ff
[36m>> [39m[32mCPU running[39m
[33mCPU paused (breakpoint)[39m
* 0402bc: NOP                  AF:0100 BC:ffefd1 DE:00003c HL:000000 SPS:0000 SPL:0aef47 IX:0affe5 IY:00003c ADL:1
[36m>> [39m* 0402bc: NOP                  AF:0100 BC:ffefd1 DE:00003c HL:000000 SPS:0000 SPL:0aef47 IX:0affe5 IY:00003c IR:01a5 MB:00 ADL:1 MADL:1 IFF1:1
                               Cycles since last break: 52076   Cycles per instruction: 2.4
                               SPL top $0aef47: 09 25 04 ff ff ff ff ff ff ff ff ff ff ff ff ff
[36m>> [39m[32mCPU running[39m
[33mCPU paused (breakpoint)[39m
* 0402be: NOP                  AF:0002 BC:000003 DE:000000 HL:000000 SPS:0000 SPL:0aef47 IX:0affe5 IY:065539 ADL:1
[36m>> [39m* 0402be: NOP                  AF:0002 BC:000003 DE:000000 HL:000000 SPS:0000 SPL:0aef47 IX:0affe5 IY:065539 IR:0174 MB:00 ADL:1 MADL:1 IFF1:1
                               Cycles since last break: 23611   Cycles per instruction: 3.1
                               SPL top $0aef47: 76 25 04 ff ff ff ff ff ff ff ff ff ff ff ff ff
[36m>> [39m[32mCPU running[39m
[33mCPU paused (breakpoint)[39m
* 0402bc: NOP                  AF:0100 BC:ffefd1 DE:00003c HL:000000 SPS:0000 SPL:0aef47 IX:0affe5 IY:00003c ADL:1
[36m>> [39m* 0402bc: NOP                  AF:0100 BC:ffefd1 DE:00003c HL:000000 SPS:0000 SPL:0aef47 IX:0affe5 IY:00003c IR:0169 MB:00 ADL:1 MADL:1 IFF1:1
                               Cycles since last break: 51775   Cycles per instruction: 2.4
                               SPL top $0aef47: 09 25 04 ff ff ff ff ff ff ff ff ff ff ff ff ff
[36m>> [39m[32mCPU running[39m
[33mCPU paused (breakpoint)[39m
* 0402be: NOP                  AF:0002 BC:000003 DE:000000 HL:000000 SPS:0000 SPL:0aef47 IX:0affe5 IY:065539 ADL:1
[36m>> [39m* 0402be: NOP                  AF:0002 BC:000003 DE:000000 HL:000000 SPS:0000 SPL:0aef47 IX:0affe5 IY:065539 IR:0121 MB:00 ADL:1 MADL:1 IFF1:1
                               Cycles since last break: 23506   Cycles per instruction: 3.1
                               SPL top $0aef47: 76 25 04 ff ff ff ff ff ff ff ff ff ff ff ff ff
[36m>> [39m[32mCPU running[39m
[33mCPU paused (breakpoint)[39m
* 0402bc: NOP                  AF:0100 BC:ffefd1 DE:00003c HL:000000 SPS:0000 SPL:0aef47 IX:0affe5 IY:00003c ADL:1
[36m>> [39m* 0402bc: NOP                  AF:0100 BC:ffefd1 DE:00003c HL:000000 SPS:0000 SPL:0aef47 IX:0affe5 IY:00003c IR:01d6 MB:00 ADL:1 MADL:1 IFF1:1
                               Cycles since last break: 51714   Cycles per instruction: 2.4
                               SPL top $0aef47: 09 25 04 ff ff ff ff ff ff ff ff ff ff ff ff ff
[36m>> [39m[32mCPU running[39m
[33mCPU paused (breakpoint)[39m
* 0402be: NOP                  AF:0002 BC:000003 DE:000000 HL:000000 SPS:0000 SPL:0aef47 IX:0affe5 IY:065539 ADL:1
[36m>> [39m* 0402be: NOP                  AF:0002 BC:000003 DE:000000 HL:000000 SPS:0000 SPL:0aef47 IX:0affe5 IY:065539 IR:018e MB:00 ADL:1 MADL:1 IFF1:1
                               Cycles since last break: 23506   Cycles per instruction: 3.1
                               SPL top $0aef47: 76 25 04 ff ff ff ff ff ff ff ff ff ff ff ff ff
[36m>> [39m[32mCPU running[39m
[33mCPU paused (breakpoint)[39m
* 0402bc: NOP                  AF:0100 BC:ffefd1 DE:00003c HL:000000 SPS:0000 SPL:0aef47 IX:0affe5 IY:00003c ADL:1
[36m>> [39m* 0402bc: NOP                  AF:0100 BC:ffefd1 DE:00003c HL:000000 SPS:0000 SPL:0aef47 IX:0affe5 IY:00003c IR:0159 MB:00 ADL:1 MADL:1 IFF1:1
                               Cycles since last break: 51738   Cycles per instruction: 2.4
                               SPL top $0aef47: 09 25 04 ff ff ff ff ff ff ff ff ff ff ff ff ff
[36m>> [39m[32mCPU running[39m
[33mCPU paused (breakpoint)[39m
* 0402be: NOP                  AF:0002 BC:000003 DE:000000 HL:000000 SPS:0000 SPL:0aef47 IX:0affe5 IY:065539 ADL:1
[36m>> [39m* 0402be: NOP                  AF:0002 BC:000003 DE:000000 HL:000000 SPS:0000 SPL:0aef47 IX:0affe5 IY:065539 IR:0111 MB:00 ADL:1 MADL:1 IFF1:1
                               Cycles since last break: 23506   Cycles per instruction: 3.1
                               SPL top $0aef47: 76 25 04 ff ff ff ff ff ff ff ff ff ff ff ff ff
[36m>> [39m[32mCPU running[39m
[33mCPU paused (breakpoint)[39m
* 0402bc: NOP                  AF:0100 BC:ffefd1 DE:00003c HL:000000 SPS:0000 SPL:0aef47 IX:0affe5 IY:00003c ADL:1
[36m>> [39m* 0402bc: NOP                  AF:0100 BC:ffefd1 DE:00003c HL:000000 SPS:0000 SPL:0aef47 IX:0affe5 IY:00003c IR:0101 MB:00 ADL:1 MADL:1 IFF1:1
                               Cycles since last break: 51772   Cycles per instruction: 2.4
                               SPL top $0aef47: 09 25 04 ff ff ff ff ff ff ff ff ff ff ff ff ff
[36m>> [39m[32mCPU running[39m
[33mCPU paused (breakpoint)[39m
* 0402be: NOP                  AF:0002 BC:000003 DE:000000 HL:000000 SPS:0000 SPL:0aef47 IX:0affe5 IY:065539 ADL:1
[36m>> [39m* 0402be: NOP                  AF:0002 BC:000003 DE:000000 HL:000000 SPS:0000 SPL:0aef47 IX:0affe5 IY:065539 IR:01b9 MB:00 ADL:1 MADL:1 IFF1:1
                               Cycles since last break: 23506   Cycles per instruction: 3.1
                               SPL top $0aef47: 76 25 04 ff ff ff ff ff ff ff ff ff ff ff ff ff
[36m>> [39m[32mCPU running[39m
[33mCPU paused (breakpoint)[39m
* 0402bc: NOP                  AF:0100 BC:ffefd1 DE:00003c HL:000000 SPS:0000 SPL:0aef47 IX:0affe5 IY:00003c ADL:1
[36m>> [39m* 0402bc: NOP                  AF:0100 BC:ffefd1 DE:00003c HL:000000 SPS:0000 SPL:0aef47 IX:0affe5 IY:00003c IR:017a MB:00 ADL:1 MADL:1 IFF1:1
                               Cycles since last break: 51726   Cycles per instruction: 2.4
                               SPL top $0aef47: 09 25 04 ff ff ff ff ff ff ff ff ff ff ff ff ff
[36m>> [39m[32mCPU running[39m
[33mCPU paused (breakpoint)[39m
* 0402be: NOP                  AF:0002 BC:000003 DE:000000 HL:000000 SPS:0000 SPL:0aef47 IX:0affe5 IY:065539 ADL:1
[36m>> [39m* 0402be: NOP                  AF:0002 BC:000003 DE:000000 HL:000000 SPS:0000 SPL:0aef47 IX:0affe5 IY:065539 IR:0132 MB:00 ADL:1 MADL:1 IFF1:1
                               Cycles since last break: 23506   Cycles per instruction: 3.1
                               SPL top $0aef47: 76 25 04 ff ff ff ff ff ff ff ff ff ff ff ff ff
[36m>> [39m[32mCPU running[39m
[33mCPU paused (breakpoint)[39m
* 0402bc: NOP                  AF:0100 BC:ffefd1 DE:00003c HL:000000 SPS:0000 SPL:0aef47 IX:0affe5 IY:00003c ADL:1
[36m>> [39m* 0402bc: NOP                  AF:0100 BC:ffefd1 DE:00003c HL:000000 SPS:0000 SPL:0aef47 IX:0affe5 IY:00003c IR:0123 MB:00 ADL:1 MADL:1 IFF1:1
                               Cycles since last break: 51949   Cycles per instruction: 2.4
                               SPL top $0aef47: 09 25 04 ff ff ff ff ff ff ff ff ff ff ff ff ff
[36m>> [39m[32mCPU running[39m
[33mCPU paused (breakpoint)[39m
* 0402be: NOP                  AF:0002 BC:000003 DE:000000 HL:000000 SPS:0000 SPL:0aef47 IX:0affe5 IY:065539 ADL:1
[36m>> [39m* 0402be: NOP                  AF:0002 BC:000003 DE:000000 HL:000000 SPS:0000 SPL:0aef47 IX:0affe5 IY:065539 IR:01db MB:00 ADL:1 MADL:1 IFF1:1
                               Cycles since last break: 23506   Cycles per instruction: 3.1
                               SPL top $0aef47: 76 25 04 ff ff ff ff ff ff ff ff ff ff ff ff ff
[36m>> [39m[32mCPU running[39m
