
[1mAgon EZ80 Debugger[0m

[36mbr[eak] <address>             [37mSet a breakpoint at the hex address
[36mc[ontinue]                    [37mResume (un-pause) Agon CPU
[36mdelete <address>              [37mDelete a breakpoint
[36mdis[assemble] [start] [end]   [37mDisassemble in current ADL mode
[36mdis16 [start] [end]           [37mDisassemble in ADL=0 (Z80) mode
[36mdis24 [start] [end]           [37mDisassemble in ADL=1 (24-bit) mode
[36mexit                          [37mQuit from Agon Light Emulator
[36minfo breakpoints              [37mList breakpoints
[36m[mem]ory <start> [len]        [37mDump memory. <start> can be a register
[36mn[ext]                        [37mStep over function calls
[36mpause                         [37mPause execution and enter debugger
[36mstate                         [37mShow CPU state
[36m.                             [37mShow CPU state
[36ms[tep]                        [37mExecute one instuction
[36mtrace on                      [37mEnable logging every instruction
[36mtrace off                     [37mDisable logging every instruction
[36mtrigger <address> cmd1 : cmd2 : ...[37m
    Perform debugger commands when <address> is reached
    eg: break $123 is equivalent to:
        trigger $123 pause:"CPU paused at breakpoint":state

[36mtriggers                      [37mList triggers

The previous command can be repeated by pressing return.

[32mCPU running. Press <CTRL-C> to pause
[39m
Video driver: dummy (can override with SDL_VIDEO_DRIVER environment variable)
[33mCPU paused (breakpoint)[39m
* 0401e1: NOP                  AF:0059 BC:ffefb0 DE:0aef00 HL:00017a SPS:0000 SPL:0aef4a IX:0affe5 IY:0aef9b ADL:1
[36m>> [39m* 0401e1: NOP                  AF:0059 BC:ffefb0 DE:0aef00 HL:00017a SPS:0000 SPL:0aef4a IX:0affe5 IY:0aef9b IR:010e MB:00 ADL:1 MADL:1 IFF1:1
                               Cycles since last break: 60523554   Cycles per instruction: 2.6
                               SPL top $0aef4a: 6e 23 04 ff ff ff ff ff ff ff ff ff ff ff ff ff
[36m>> [39m[32mCPU running[39m
[33mCPU paused (breakpoint)[39m
* 0401e3: NOP                  AF:6030 BC:000040 DE:000040 HL:000000 SPS:0000 SPL:0aef4a IX:0affe5 IY:0aefb3 ADL:1
[36m>> [39m* 0401e3: NOP                  AF:6030 BC:000040 DE:000040 HL:000000 SPS:0000 SPL:0aef4a IX:0affe5 IY:0aefb3 IR:01bb MB:00 ADL:1 MADL:1 IFF1:1
                               Cycles since last break: 17620126   Cycles per instruction: 2.5
                               SPL top $0aef4a: 95 25 04 ff ff ff ff ff ff ff ff ff ff ff ff ff
[36m>> [39m[32mCPU running[39m
